C:/Users/adria/Projects/ESC_V1_Firmware_Tests/I2C_Test/Core/Src/main.c:66:5:main	24	static
C:/Users/adria/Projects/ESC_V1_Firmware_Tests/I2C_Test/Core/Src/main.c:113:6:SystemClock_Config	88	static
C:/Users/adria/Projects/ESC_V1_Firmware_Tests/I2C_Test/Core/Src/main.c:155:13:MX_I2C1_Init	8	static
C:/Users/adria/Projects/ESC_V1_Firmware_Tests/I2C_Test/Core/Src/main.c:189:13:MX_GPIO_Init	16	static
C:/Users/adria/Projects/ESC_V1_Firmware_Tests/I2C_Test/Core/Src/main.c:212:6:Error_Handler	4	static,ignoring_inline_asm
