Archive member included to satisfy reference by file (symbol)

C:/Users/adria/AppData/Local/stm32cube/bundles/gnu-tools-for-stm32/14.3.1+st.2/bin/../lib/gcc/arm-none-eabi/14.3.1/thumb/v7e-m+fp/hard\libgcc.a(_aeabi_uldivmod.o)
                              cmake/stm32cubemx/CMakeFiles/STM32_Drivers.dir/__/__/Drivers/STM32F4xx_HAL_Driver/Src/stm32f4xx_hal_rcc.c.obj (__aeabi_uldivmod)
C:/Users/adria/AppData/Local/stm32cube/bundles/gnu-tools-for-stm32/14.3.1+st.2/bin/../lib/gcc/arm-none-eabi/14.3.1/thumb/v7e-m+fp/hard\libgcc.a(_udivmoddi4.o)
                              C:/Users/adria/AppData/Local/stm32cube/bundles/gnu-tools-for-stm32/14.3.1+st.2/bin/../lib/gcc/arm-none-eabi/14.3.1/thumb/v7e-m+fp/hard\libgcc.a(_aeabi_uldivmod.o) (__udivmoddi4)
C:/Users/adria/AppData/Local/stm32cube/bundles/gnu-tools-for-stm32/14.3.1+st.2/bin/../lib/gcc/arm-none-eabi/14.3.1/thumb/v7e-m+fp/hard\libgcc.a(_dvmd_tls.o)
                              C:/Users/adria/AppData/Local/stm32cube/bundles/gnu-tools-for-stm32/14.3.1+st.2/bin/../lib/gcc/arm-none-eabi/14.3.1/thumb/v7e-m+fp/hard\libgcc.a(_aeabi_uldivmod.o) (__aeabi_ldiv0)
C:/Users/adria/AppData/Local/stm32cube/bundles/gnu-tools-for-stm32/14.3.1+st.2/bin/../lib/gcc/arm-none-eabi/14.3.1/../../../../arm-none-eabi/lib/thumb/v7e-m+fp/hard\libg_nano.a(libc_a-exit.o)
                              C:/Users/adria/AppData/Local/stm32cube/bundles/gnu-tools-for-stm32/14.3.1+st.2/bin/../lib/gcc/arm-none-eabi/14.3.1/../../../../arm-none-eabi/lib/thumb/v7e-m+fp/hard/crt0.o (exit)
C:/Users/adria/AppData/Local/stm32cube/bundles/gnu-tools-for-stm32/14.3.1+st.2/bin/../lib/gcc/arm-none-eabi/14.3.1/../../../../arm-none-eabi/lib/thumb/v7e-m+fp/hard\libg_nano.a(libc_a-findfp.o)
                              C:/Users/adria/AppData/Local/stm32cube/bundles/gnu-tools-for-stm32/14.3.1+st.2/bin/../lib/gcc/arm-none-eabi/14.3.1/../../../../arm-none-eabi/lib/thumb/v7e-m+fp/hard\libg_nano.a(libc_a-exit.o) (__stdio_exit_handler)
C:/Users/adria/AppData/Local/stm32cube/bundles/gnu-tools-for-stm32/14.3.1+st.2/bin/../lib/gcc/arm-none-eabi/14.3.1/../../../../arm-none-eabi/lib/thumb/v7e-m+fp/hard\libg_nano.a(libc_a-fwalk.o)
                              C:/Users/adria/AppData/Local/stm32cube/bundles/gnu-tools-for-stm32/14.3.1+st.2/bin/../lib/gcc/arm-none-eabi/14.3.1/../../../../arm-none-eabi/lib/thumb/v7e-m+fp/hard\libg_nano.a(libc_a-findfp.o) (_fwalk_sglue)
C:/Users/adria/AppData/Local/stm32cube/bundles/gnu-tools-for-stm32/14.3.1+st.2/bin/../lib/gcc/arm-none-eabi/14.3.1/../../../../arm-none-eabi/lib/thumb/v7e-m+fp/hard\libg_nano.a(libc_a-stdio.o)
                              C:/Users/adria/AppData/Local/stm32cube/bundles/gnu-tools-for-stm32/14.3.1+st.2/bin/../lib/gcc/arm-none-eabi/14.3.1/../../../../arm-none-eabi/lib/thumb/v7e-m+fp/hard\libg_nano.a(libc_a-findfp.o) (__sread)
C:/Users/adria/AppData/Local/stm32cube/bundles/gnu-tools-for-stm32/14.3.1+st.2/bin/../lib/gcc/arm-none-eabi/14.3.1/../../../../arm-none-eabi/lib/thumb/v7e-m+fp/hard\libg_nano.a(libc_a-memset.o)
                              C:/Users/adria/AppData/Local/stm32cube/bundles/gnu-tools-for-stm32/14.3.1+st.2/bin/../lib/gcc/arm-none-eabi/14.3.1/../../../../arm-none-eabi/lib/thumb/v7e-m+fp/hard/crt0.o (memset)
C:/Users/adria/AppData/Local/stm32cube/bundles/gnu-tools-for-stm32/14.3.1+st.2/bin/../lib/gcc/arm-none-eabi/14.3.1/../../../../arm-none-eabi/lib/thumb/v7e-m+fp/hard\libg_nano.a(libc_a-closer.o)
                              C:/Users/adria/AppData/Local/stm32cube/bundles/gnu-tools-for-stm32/14.3.1+st.2/bin/../lib/gcc/arm-none-eabi/14.3.1/../../../../arm-none-eabi/lib/thumb/v7e-m+fp/hard\libg_nano.a(libc_a-stdio.o) (_close_r)
C:/Users/adria/AppData/Local/stm32cube/bundles/gnu-tools-for-stm32/14.3.1+st.2/bin/../lib/gcc/arm-none-eabi/14.3.1/../../../../arm-none-eabi/lib/thumb/v7e-m+fp/hard\libg_nano.a(libc_a-reent.o)
                              C:/Users/adria/AppData/Local/stm32cube/bundles/gnu-tools-for-stm32/14.3.1+st.2/bin/../lib/gcc/arm-none-eabi/14.3.1/../../../../arm-none-eabi/lib/thumb/v7e-m+fp/hard\libg_nano.a(libc_a-closer.o) (errno)
C:/Users/adria/AppData/Local/stm32cube/bundles/gnu-tools-for-stm32/14.3.1+st.2/bin/../lib/gcc/arm-none-eabi/14.3.1/../../../../arm-none-eabi/lib/thumb/v7e-m+fp/hard\libg_nano.a(libc_a-impure.o)
                              C:/Users/adria/AppData/Local/stm32cube/bundles/gnu-tools-for-stm32/14.3.1+st.2/bin/../lib/gcc/arm-none-eabi/14.3.1/../../../../arm-none-eabi/lib/thumb/v7e-m+fp/hard\libg_nano.a(libc_a-reent.o) (_impure_ptr)
C:/Users/adria/AppData/Local/stm32cube/bundles/gnu-tools-for-stm32/14.3.1+st.2/bin/../lib/gcc/arm-none-eabi/14.3.1/../../../../arm-none-eabi/lib/thumb/v7e-m+fp/hard\libg_nano.a(libc_a-lseekr.o)
                              C:/Users/adria/AppData/Local/stm32cube/bundles/gnu-tools-for-stm32/14.3.1+st.2/bin/../lib/gcc/arm-none-eabi/14.3.1/../../../../arm-none-eabi/lib/thumb/v7e-m+fp/hard\libg_nano.a(libc_a-stdio.o) (_lseek_r)
[...]
Memory Configuration

Name             Origin             Length             Attributes
RAM              0x20000000         0x00010000         xrw
FLASH            0x08000000         0x00020000         xr
*default*        0x00000000         0xffffffff

Linker script and memory map

LOAD C:/Users/adria/AppData/Local/stm32cube/bundles/gnu-tools-for-stm32/14.3.1+st.2/bin/../lib/gcc/arm-none-eabi/14.3.1/thumb/v7e-m+fp/hard/crti.o
LOAD C:/Users/adria/AppData/Local/stm32cube/bundles/gnu-tools-for-stm32/14.3.1+st.2/bin/../lib/gcc/arm-none-eabi/14.3.1/thumb/v7e-m+fp/hard/crtbegin.o
LOAD C:/Users/adria/AppData/Local/stm32cube/bundles/gnu-tools-for-stm32/14.3.1+st.2/bin/../lib/gcc/arm-none-eabi/14.3.1/../../../../arm-none-eabi/lib/thumb/v7e-m+fp/hard/crt0.o
LOAD cmake/stm32cubemx/CMakeFiles/STM32_Drivers.dir/__/__/Core/Src/system_stm32f4xx.c.obj
LOAD cmake/stm32cubemx/CMakeFiles/STM32_Drivers.dir/__/__/Drivers/STM32F4xx_HAL_Driver/Src/stm32f4xx_hal_spi.c.obj
LOAD cmake/stm32cubemx/CMakeFiles/STM32_Drivers.dir/__/__/Drivers/STM32F4xx_HAL_Driver/Src/stm32f4xx_hal_rcc.c.obj
LOAD cmake/stm32cubemx/CMakeFiles/STM32_Drivers.dir/__/__/Drivers/STM32F4xx_HAL_Driver/Src/stm32f4xx_hal_rcc_ex.c.obj
LOAD cmake/stm32cubemx/CMakeFiles/STM32_Drivers.dir/__/__/Drivers/STM32F4xx_HAL_Driver/Src/stm32f4xx_hal_flash.c.obj
LOAD cmake/stm32cubemx/CMakeFiles/STM32_Drivers.dir/__/__/Drivers/STM32F4xx_HAL_Driver/Src/stm32f4xx_hal_flash_ex.c.obj
LOAD cmake/stm32cubemx/CMakeFiles/STM32_Drivers.dir/__/__/Drivers/STM32F4xx_HAL_Driver/Src/stm32f4xx_hal_flash_ramfunc.c.obj
LOAD cmake/stm32cubemx/CMakeFiles/STM32_Drivers.dir/__/__/Drivers/STM32F4xx_HAL_Driver/Src/stm32f4xx_hal_gpio.c.obj
LOAD cmake/stm32cubemx/CMakeFiles/STM32_Drivers.dir/__/__/Drivers/STM32F4xx_HAL_Driver/Src/stm32f4xx_hal_dma_ex.c.obj
LOAD cmake/stm32cubemx/CMakeFiles/STM32_Drivers.dir/__/__/Drivers/STM32F4xx_HAL_Driver/Src/stm32f4xx_hal_dma.c.obj
LOAD cmake/stm32cubemx/CMakeFiles/STM32_Drivers.dir/__/__/Drivers/STM32F4xx_HAL_Driver/Src/stm32f4xx_hal_pwr.c.obj
LOAD cmake/stm32cubemx/CMakeFiles/STM32_Drivers.dir/__/__/Drivers/STM32F4xx_HAL_Driver/Src/stm32f4xx_hal_pwr_ex.c.obj
LOAD cmake/stm32cubemx/CMakeFiles/STM32_Drivers.dir/__/__/Drivers/STM32F4xx_HAL_Driver/Src/stm32f4xx_hal_cortex.c.obj
LOAD cmake/stm32cubemx/CMakeFiles/STM32_Drivers.dir/__/__/Drivers/STM32F4xx_HAL_Driver/Src/stm32f4xx_hal.c.obj
LOAD cmake/stm32cubemx/CMakeFiles/STM32_Drivers.dir/__/__/Drivers/STM32F4xx_HAL_Driver/Src/stm32f4xx_hal_exti.c.obj
LOAD CMakeFiles/SPI_Test.dir/Core/Src/main.c.obj
LOAD CMakeFiles/SPI_Test.dir/Core/Src/stm32f4xx_it.c.obj
LOAD CMakeFiles/SPI_Test.dir/Core/Src/stm32f4xx_hal_msp.c.obj
LOAD CMakeFiles/SPI_Test.dir/Core/Src/sysmem.c.obj
LOAD CMakeFiles/SPI_Test.dir/Core/Src/syscalls.c.obj
LOAD CMakeFiles/SPI_Test.dir/startup_stm32f401xc.s.obj
LOAD C:/Users/adria/AppData/Local/stm32cube/bundles/gnu-tools-for-stm32/14.3.1+st.2/bin/../lib/gcc/arm-none-eabi/14.3.1/../../../../arm-none-eabi/lib/thumb/v7e-m+fp/hard\libm.a
START GROUP
LOAD C:/Users/adria/AppData/Local/stm32cube/bundles/gnu-tools-for-stm32/14.3.1+st.2/bin/../lib/gcc/arm-none-eabi/14.3.1/thumb/v7e-m+fp/hard\libgcc.a
LOAD C:/Users/adria/AppData/Local/stm32cube/bundles/gnu-tools-for-stm32/14.3.1+st.2/bin/../lib/gcc/arm-none-eabi/14.3.1/../../../../arm-none-eabi/lib/thumb/v7e-m+fp/hard\libg_nano.a
LOAD C:/Users/adria/AppData/Local/stm32cube/bundles/gnu-tools-for-stm32/14.3.1+st.2/bin/../lib/gcc/arm-none-eabi/14.3.1/../../../../arm-none-eabi/lib/thumb/v7e-m+fp/hard\libc_nano.a
END GROUP
START GROUP
LOAD C:/Users/adria/AppData/Local/stm32cube/bundles/gnu-tools-for-stm32/14.3.1+st.2/bin/../lib/gcc/arm-none-eabi/14.3.1/thumb/v7e-m+fp/hard\libgcc.a
LOAD C:/Users/adria/AppData/Local/stm32cube/bundles/gnu-tools-for-stm32/14.3.1+st.2/bin/../lib/gcc/arm-none-eabi/14.3.1/../../../../arm-none-eabi/lib/thumb/v7e-m+fp/hard\libc_nano.a
END GROUP
LOAD C:/Users/adria/AppData/Local/stm32cube/bundles/gnu-tools-for-stm32/14.3.1+st.2/bin/../lib/gcc/arm-none-eabi/14.3.1/thumb/v7e-m+fp/hard/crtend.o
LOAD C:/Users/adria/AppData/Local/stm32cube/bundles/gnu-tools-for-stm32/14.3.1+st.2/bin/../lib/gcc/arm-none-eabi/14.3.1/thumb/v7e-m+fp/hard/crtn.o
                0x20010000                        _estack = (ORIGIN (RAM) + LENGTH (RAM))
                0x2000fc00                        _sstack = (_estack - _Min_Stack_Size)
                0x00000200                        _Min_Heap_Size = 0x200
                0x00000400                        _Min_Stack_Size = 0x400

.isr_vector     0x08000000      0x194
                0x08000000                        . = ALIGN (0x4)
 *(.isr_vector)
 .isr_vector    0x08000000      0x194 CMakeFiles/SPI_Test.dir/startup_stm32f401xc.s.obj
                0x08000000                g_pfnVectors
                0x08000194                        . = ALIGN (0x4)

.text           0x08000194     0x1b90
                0x08000194                        . = ALIGN (0x4)
 *(.text)
 .text          0x08000194       0x40 C:/Users/adria/AppData/Local/stm32cube/bundles/gnu-tools-for-stm32/14.3.1+st.2/bin/../lib/gcc/arm-none-eabi/14.3.1/thumb/v7e-m+fp/hard/crtbegin.o
 .text          0x080001d4       0x30 C:/Users/adria/AppData/Local/stm32cube/bundles/gnu-tools-for-stm32/14.3.1+st.2/bin/../lib/gcc/arm-none-eabi/14.3.1/thumb/v7e-m+fp/hard\libgcc.a(_aeabi_uldivmod.o)
                0x080001d4                __aeabi_uldivmod
 .text          0x08000204      0x2f8 C:/Users/adria/AppData/Local/stm32cube/bundles/gnu-tools-for-stm32/14.3.1+st.2/bin/../lib/gcc/arm-none-eabi/14.3.1/thumb/v7e-m+fp/hard\libgcc.a(_udivmoddi4.o)
                0x08000204                __udivmoddi4
 .text          0x080004fc        0x4 C:/Users/adria/AppData/Local/stm32cube/bundles/gnu-tools-for-stm32/14.3.1+st.2/bin/../lib/gcc/arm-none-eabi/14.3.1/thumb/v7e-m+fp/hard\libgcc.a(_dvmd_tls.o)
                0x080004fc                __aeabi_idiv0
                0x080004fc                __aeabi_ldiv0
 *(.text*)
 .text.SystemInit
                0x08000500       0x24 cmake/stm32cubemx/CMakeFiles/STM32_Drivers.dir/__/__/Core/Src/system_stm32f4xx.c.obj
                0x08000500                SystemInit
 .text.HAL_SPI_Init
                0x08000524      0x112 cmake/stm32cubemx/CMakeFiles/STM32_Drivers.dir/__/__/Drivers/STM32F4xx_HAL_Driver/Src/stm32f4xx_hal_spi.c.obj
                0x08000524                HAL_SPI_Init
 .text.HAL_SPI_Transmit
                0x08000636      0x288 cmake/stm32cubemx/CMakeFiles/STM32_Drivers.dir/__/__/Drivers/STM32F4xx_HAL_Driver/Src/stm32f4xx_hal_spi.c.obj
                0x08000636                HAL_SPI_Transmit
 *fill*         0x080008be        0x2 
 .text.SPI_WaitFlagStateUntilTimeout
                0x080008c0      0x110 cmake/stm32cubemx/CMakeFiles/STM32_Drivers.dir/__/__/Drivers/STM32F4xx_HAL_Driver/Src/stm32f4xx_hal_spi.c.obj
 .text.SPI_EndRxTxTransaction
                0x080009d0       0xa8 cmake/stm32cubemx/CMakeFiles/STM32_Drivers.dir/__/__/Drivers/STM32F4xx_HAL_Driver/Src/stm32f4xx_hal_spi.c.obj
 .text.HAL_RCC_OscConfig
                0x08000a78      0x4f0 cmake/stm32cubemx/CMakeFiles/STM32_Drivers.dir/__/__/Drivers/STM32F4xx_HAL_Driver/Src/stm32f4xx_hal_rcc.c.obj
                0x08000a78                HAL_RCC_OscConfig
 .text.HAL_RCC_ClockConfig
                0x08000f68      0x1cc cmake/stm32cubemx/CMakeFiles/STM32_Drivers.dir/__/__/Drivers/STM32F4xx_HAL_Driver/Src/stm32f4xx_hal_rcc.c.obj
                0x08000f68                HAL_RCC_ClockConfig
 .text.HAL_RCC_GetSysClockFreq
                0x08001134      0x188 cmake/stm32cubemx/CMakeFiles/STM32_Drivers.dir/__/__/Drivers/STM32F4xx_HAL_Driver/Src/stm32f4xx_hal_rcc.c.obj
                0x08001134                HAL_RCC_GetSysClockFreq
 .text.HAL_GPIO_Init
                0x080012bc      0x308 cmake/stm32cubemx/CMakeFiles/STM32_Drivers.dir/__/__/Drivers/STM32F4xx_HAL_Driver/Src/stm32f4xx_hal_gpio.c.obj
                0x080012bc                HAL_GPIO_Init
 .text.HAL_GPIO_WritePin
                0x080015c4       0x32 cmake/stm32cubemx/CMakeFiles/STM32_Drivers.dir/__/__/Drivers/STM32F4xx_HAL_Driver/Src/stm32f4xx_hal_gpio.c.obj
                0x080015c4                HAL_GPIO_WritePin
 *fill*         0x080015f6        0x2 
 .text.__NVIC_SetPriorityGrouping
                0x080015f8       0x48 cmake/stm32cubemx/CMakeFiles/STM32_Drivers.dir/__/__/Drivers/STM32F4xx_HAL_Driver/Src/stm32f4xx_hal_cortex.c.obj
 .text.__NVIC_GetPriorityGrouping
                0x08001640       0x1c cmake/stm32cubemx/CMakeFiles/STM32_Drivers.dir/__/__/Drivers/STM32F4xx_HAL_Driver/Src/stm32f4xx_hal_cortex.c.obj
 .text.__NVIC_SetPriority
                0x0800165c       0x54 cmake/stm32cubemx/CMakeFiles/STM32_Drivers.dir/__/__/Drivers/STM32F4xx_HAL_Driver/Src/stm32f4xx_hal_cortex.c.obj
 .text.NVIC_EncodePriority
                0x080016b0       0x66 cmake/stm32cubemx/CMakeFiles/STM32_Drivers.dir/__/__/Drivers/STM32F4xx_HAL_Driver/Src/stm32f4xx_hal_cortex.c.obj
 *fill*         0x08001716        0x2 
 .text.SysTick_Config
                0x08001718       0x44 cmake/stm32cubemx/CMakeFiles/STM32_Drivers.dir/__/__/Drivers/STM32F4xx_HAL_Driver/Src/stm32f4xx_hal_cortex.c.obj
 .text.HAL_NVIC_SetPriorityGrouping
                0x0800175c       0x16 cmake/stm32cubemx/CMakeFiles/STM32_Drivers.dir/__/__/Drivers/STM32F4xx_HAL_Driver/Src/stm32f4xx_hal_cortex.c.obj
                0x0800175c                HAL_NVIC_SetPriorityGrouping
 .text.HAL_NVIC_SetPriority
                0x08001772       0x38 cmake/stm32cubemx/CMakeFiles/STM32_Drivers.dir/__/__/Drivers/STM32F4xx_HAL_Driver/Src/stm32f4xx_hal_cortex.c.obj
                0x08001772                HAL_NVIC_SetPriority
 .text.HAL_SYSTICK_Config
                0x080017aa       0x18 cmake/stm32cubemx/CMakeFiles/STM32_Drivers.dir/__/__/Drivers/STM32F4xx_HAL_Driver/Src/stm32f4xx_hal_cortex.c.obj
                0x080017aa                HAL_SYSTICK_Config
 *fill*         0x080017c2        0x2 
 .text.HAL_Init
                0x080017c4       0x44 cmake/stm32cubemx/CMakeFiles/STM32_Drivers.dir/__/__/Drivers/STM32F4xx_HAL_Driver/Src/stm32f4xx_hal.c.obj
                0x080017c4                HAL_Init
 .text.HAL_InitTick
                0x08001808       0x60 cmake/stm32cubemx/CMakeFiles/STM32_Drivers.dir/__/__/Drivers/STM32F4xx_HAL_Driver/Src/stm32f4xx_hal.c.obj
                0x08001808                HAL_InitTick
 .text.HAL_IncTick
                0x08001868       0x28 cmake/stm32cubemx/CMakeFiles/STM32_Drivers.dir/__/__/Drivers/STM32F4xx_HAL_Driver/Src/stm32f4xx_hal.c.obj
                0x08001868                HAL_IncTick
 .text.HAL_GetTick
                0x08001890       0x18 cmake/stm32cubemx/CMakeFiles/STM32_Drivers.dir/__/__/Drivers/STM32F4xx_HAL_Driver/Src/stm32f4xx_hal.c.obj
                0x08001890                HAL_GetTick
 .text.HAL_Delay
                0x080018a8       0x48 cmake/stm32cubemx/CMakeFiles/STM32_Drivers.dir/__/__/Drivers/STM32F4xx_HAL_Driver/Src/stm32f4xx_hal.c.obj
                0x080018a8                HAL_Delay
 .text.main     0x080018f0       0x48 CMakeFiles/SPI_Test.dir/Core/Src/main.c.obj
                0x080018f0                main
 .text.SystemClock_Config
                0x08001938       0xc0 CMakeFiles/SPI_Test.dir/Core/Src/main.c.obj
                0x08001938                SystemClock_Config
 .text.MX_SPI1_Init
                0x080019f8       0x6c CMakeFiles/SPI_Test.dir/Core/Src/main.c.obj
 .text.MX_GPIO_Init
                0x08001a64       0xb0 CMakeFiles/SPI_Test.dir/Core/Src/main.c.obj
 .text.Error_Handler
                0x08001b14        0xc CMakeFiles/SPI_Test.dir/Core/Src/main.c.obj
                0x08001b14                Error_Handler
 .text.NMI_Handler
                0x08001b20        0x8 CMakeFiles/SPI_Test.dir/Core/Src/stm32f4xx_it.c.obj
                0x08001b20                NMI_Handler
 .text.HardFault_Handler
                0x08001b28        0x8 CMakeFiles/SPI_Test.dir/Core/Src/stm32f4xx_it.c.obj
                0x08001b28                HardFault_Handler
 .text.MemManage_Handler
                0x08001b30        0x8 CMakeFiles/SPI_Test.dir/Core/Src/stm32f4xx_it.c.obj
                0x08001b30                MemManage_Handler
 .text.BusFault_Handler
                0x08001b38        0x8 CMakeFiles/SPI_Test.dir/Core/Src/stm32f4xx_it.c.obj
                0x08001b38                BusFault_Handler
 .text.UsageFault_Handler
                0x08001b40        0x8 CMakeFiles/SPI_Test.dir/Core/Src/stm32f4xx_it.c.obj
                0x08001b40                UsageFault_Handler
 .text.SVC_Handler
                0x08001b48        0xe CMakeFiles/SPI_Test.dir/Core/Src/stm32f4xx_it.c.obj
                0x08001b48                SVC_Handler
 .text.DebugMon_Handler
                0x08001b56        0xe CMakeFiles/SPI_Test.dir/Core/Src/stm32f4xx_it.c.obj
                0x08001b56                DebugMon_Handler
 .text.PendSV_Handler
                0x08001b64        0xe CMakeFiles/SPI_Test.dir/Core/Src/stm32f4xx_it.c.obj
                0x08001b64                PendSV_Handler
 .text.SysTick_Handler
                0x08001b72        0xc CMakeFiles/SPI_Test.dir/Core/Src/stm32f4xx_it.c.obj
                0x08001b72                SysTick_Handler
 *fill*         0x08001b7e        0x2 
 .text.HAL_MspInit
                0x08001b80       0x50 CMakeFiles/SPI_Test.dir/Core/Src/stm32f4xx_hal_msp.c.obj
                0x08001b80                HAL_MspInit
 .text.HAL_SPI_MspInit
                0x08001bd0       0x90 CMakeFiles/SPI_Test.dir/Core/Src/stm32f4xx_hal_msp.c.obj
                0x08001bd0                HAL_SPI_MspInit
 .text.Reset_Handler
                0x08001c60       0x50 CMakeFiles/SPI_Test.dir/startup_stm32f401xc.s.obj
                0x08001c60                Reset_Handler
 .text.Default_Handler
                0x08001cb0        0x2 CMakeFiles/SPI_Test.dir/startup_stm32f401xc.s.obj
                0x08001cb0                RTC_Alarm_IRQHandler
                0x08001cb0                EXTI2_IRQHandler
                0x08001cb0                SPI4_IRQHandler
                0x08001cb0                TIM1_CC_IRQHandler
                0x08001cb0                DMA2_Stream5_IRQHandler
                0x08001cb0                DMA1_Stream5_IRQHandler
                0x08001cb0                PVD_IRQHandler
                0x08001cb0                SDIO_IRQHandler
                0x08001cb0                TAMP_STAMP_IRQHandler
                0x08001cb0                EXTI3_IRQHandler
                0x08001cb0                TIM1_UP_TIM10_IRQHandler
                0x08001cb0                I2C3_ER_IRQHandler
                0x08001cb0                EXTI0_IRQHandler
                0x08001cb0                I2C2_EV_IRQHandler
                0x08001cb0                DMA1_Stream2_IRQHandler
                0x08001cb0                FPU_IRQHandler
                0x08001cb0                DMA2_Stream2_IRQHandler
                0x08001cb0                SPI1_IRQHandler
                0x08001cb0                TIM1_BRK_TIM9_IRQHandler
                0x08001cb0                DMA2_Stream3_IRQHandler
                0x08001cb0                USART6_IRQHandler
                0x08001cb0                DMA2_Stream0_IRQHandler
                0x08001cb0                TIM4_IRQHandler
                0x08001cb0                I2C1_EV_IRQHandler
                0x08001cb0                DMA1_Stream6_IRQHandler
                0x08001cb0                DMA1_Stream1_IRQHandler
                0x08001cb0                TIM3_IRQHandler
                0x08001cb0                RCC_IRQHandler
                0x08001cb0                Default_Handler
                0x08001cb0                EXTI15_10_IRQHandler
                0x08001cb0                ADC_IRQHandler
                0x08001cb0                DMA1_Stream7_IRQHandler
                0x08001cb0                TIM5_IRQHandler
                0x08001cb0                DMA2_Stream7_IRQHandler
                0x08001cb0                I2C3_EV_IRQHandler
                0x08001cb0                EXTI9_5_IRQHandler
                0x08001cb0                RTC_WKUP_IRQHandler
                0x08001cb0                SPI2_IRQHandler
                0x08001cb0                DMA1_Stream0_IRQHandler
                0x08001cb0                EXTI4_IRQHandler
                0x08001cb0                WWDG_IRQHandler
                0x08001cb0                TIM2_IRQHandler
                0x08001cb0                OTG_FS_WKUP_IRQHandler
                0x08001cb0                TIM1_TRG_COM_TIM11_IRQHandler
                0x08001cb0                EXTI1_IRQHandler
                0x08001cb0                USART2_IRQHandler
                0x08001cb0                I2C2_ER_IRQHandler
                0x08001cb0                DMA2_Stream1_IRQHandler
                0x08001cb0                FLASH_IRQHandler
                0x08001cb0                DMA2_Stream4_IRQHandler
                0x08001cb0                USART1_IRQHandler
                0x08001cb0                OTG_FS_IRQHandler
                0x08001cb0                SPI3_IRQHandler
                0x08001cb0                DMA1_Stream4_IRQHandler
                0x08001cb0                I2C1_ER_IRQHandler
                0x08001cb0                DMA2_Stream6_IRQHandler
                0x08001cb0                DMA1_Stream3_IRQHandler
 .text.memset   0x08001cb2       0x10 C:/Users/adria/AppData/Local/stm32cube/bundles/gnu-tools-for-stm32/14.3.1+st.2/bin/../lib/gcc/arm-none-eabi/14.3.1/../../../../arm-none-eabi/lib/thumb/v7e-m+fp/hard\libg_nano.a(libc_a-memset.o)
                0x08001cb2                memset
 *fill*         0x08001cc2        0x2 
 .text.__libc_init_array
                0x08001cc4       0x48 C:/Users/adria/AppData/Local/stm32cube/bundles/gnu-tools-for-stm32/14.3.1+st.2/bin/../lib/gcc/arm-none-eabi/14.3.1/../../../../arm-none-eabi/lib/thumb/v7e-m+fp/hard\libg_nano.a(libc_a-init.o)
                0x08001cc4                __libc_init_array
 *(.glue_7)
 .glue_7        0x08001d0c        0x0 linker stubs
 *(.glue_7t)
 .glue_7t       0x08001d0c        0x0 linker stubs
 *(.eh_frame)
 .eh_frame      0x08001d0c        0x0 C:/Users/adria/AppData/Local/stm32cube/bundles/gnu-tools-for-stm32/14.3.1+st.2/bin/../lib/gcc/arm-none-eabi/14.3.1/thumb/v7e-m+fp/hard/crtbegin.o
 *(.init)
 .init          0x08001d0c        0x4 C:/Users/adria/AppData/Local/stm32cube/bundles/gnu-tools-for-stm32/14.3.1+st.2/bin/../lib/gcc/arm-none-eabi/14.3.1/thumb/v7e-m+fp/hard/crti.o
                0x08001d0c                _init
 .init          0x08001d10        0x8 C:/Users/adria/AppData/Local/stm32cube/bundles/gnu-tools-for-stm32/14.3.1+st.2/bin/../lib/gcc/arm-none-eabi/14.3.1/thumb/v7e-m+fp/hard/crtn.o
 *(.fini)
 .fini          0x08001d18        0x4 C:/Users/adria/AppData/Local/stm32cube/bundles/gnu-tools-for-stm32/14.3.1+st.2/bin/../lib/gcc/arm-none-eabi/14.3.1/thumb/v7e-m+fp/hard/crti.o
                0x08001d18                _fini
 .fini          0x08001d1c        0x8 C:/Users/adria/AppData/Local/stm32cube/bundles/gnu-tools-for-stm32/14.3.1+st.2/bin/../lib/gcc/arm-none-eabi/14.3.1/thumb/v7e-m+fp/hard/crtn.o
                0x08001d24                        . = ALIGN (0x4)
                0x08001d24                        _etext = .

.vfp11_veneer   0x08001d24        0x0
 .vfp11_veneer  0x08001d24        0x0 linker stubs

.v4_bx          0x08001d24        0x0
 .v4_bx         0x08001d24        0x0 linker stubs

.iplt           0x08001d24        0x0
 .iplt          0x08001d24        0x0 C:/Users/adria/AppData/Local/stm32cube/bundles/gnu-tools-for-stm32/14.3.1+st.2/bin/../lib/gcc/arm-none-eabi/14.3.1/thumb/v7e-m+fp/hard/crtbegin.o

.rodata         0x08001d24       0x18
                0x08001d24                        . = ALIGN (0x4)
 *(.rodata)
 .rodata        0x08001d24        0x6 CMakeFiles/SPI_Test.dir/Core/Src/main.c.obj
 *(.rodata*)
 *fill*         0x08001d2a        0x2 
 .rodata.AHBPrescTable
                0x08001d2c       0x10 cmake/stm32cubemx/CMakeFiles/STM32_Drivers.dir/__/__/Core/Src/system_stm32f4xx.c.obj
                0x08001d2c                AHBPrescTable
                0x08001d3c                        . = ALIGN (0x4)

.ARM.extab      0x08001d3c        0x0
                0x08001d3c                        . = ALIGN (0x4)
 *(.ARM.extab* .gnu.linkonce.armextab.*)
                0x08001d3c                        . = ALIGN (0x4)

.ARM            0x08001d3c        0x8
                0x08001d3c                        . = ALIGN (0x4)
                0x08001d3c                        __exidx_start = .
 *(.ARM.exidx*)
 .ARM.exidx     0x08001d3c        0x8 C:/Users/adria/AppData/Local/stm32cube/bundles/gnu-tools-for-stm32/14.3.1+st.2/bin/../lib/gcc/arm-none-eabi/14.3.1/thumb/v7e-m+fp/hard\libgcc.a(_udivmoddi4.o)
                0x08001d44                        __exidx_end = .
                0x08001d44                        . = ALIGN (0x4)

.preinit_array  0x08001d44        0x0
                0x08001d44                        . = ALIGN (0x4)
                0x08001d44                        PROVIDE (__preinit_array_start = .)
 *(.preinit_array*)
                0x08001d44                        PROVIDE (__preinit_array_end = .)
                0x08001d44                        . = ALIGN (0x4)

.init_array     0x08001d44        0x4
                0x08001d44                        . = ALIGN (0x4)
                0x08001d44                        PROVIDE (__init_array_start = .)
 *(SORT_BY_NAME(.init_array.*))
 *(.init_array*)
 .init_array    0x08001d44        0x4 C:/Users/adria/AppData/Local/stm32cube/bundles/gnu-tools-for-stm32/14.3.1+st.2/bin/../lib/gcc/arm-none-eabi/14.3.1/thumb/v7e-m+fp/hard/crtbegin.o
                0x08001d48                        PROVIDE (__init_array_end = .)
                0x08001d48                        . = ALIGN (0x4)

.fini_array     0x08001d48        0x4
                0x08001d48                        . = ALIGN (0x4)
                [!provide]                        PROVIDE (__fini_array_start = .)
 *(SORT_BY_NAME(.fini_array.*))
 *(.fini_array*)
 .fini_array    0x08001d48        0x4 C:/Users/adria/AppData/Local/stm32cube/bundles/gnu-tools-for-stm32/14.3.1+st.2/bin/../lib/gcc/arm-none-eabi/14.3.1/thumb/v7e-m+fp/hard/crtbegin.o
                [!provide]                        PROVIDE (__fini_array_end = .)
                0x08001d4c                        . = ALIGN (0x4)
                0x08001d4c                        _sidata = LOADADDR (.data)

.rel.dyn        0x08001d4c        0x0
 .rel.iplt      0x08001d4c        0x0 C:/Users/adria/AppData/Local/stm32cube/bundles/gnu-tools-for-stm32/14.3.1+st.2/bin/../lib/gcc/arm-none-eabi/14.3.1/thumb/v7e-m+fp/hard/crtbegin.o

.data           0x20000000        0xc load address 0x08001d4c
                0x20000000                        . = ALIGN (0x4)
                0x20000000                        _sdata = .
 *(.data)
 *(.data*)
 .data.SystemCoreClock
                0x20000000        0x4 cmake/stm32cubemx/CMakeFiles/STM32_Drivers.dir/__/__/Core/Src/system_stm32f4xx.c.obj
                0x20000000                SystemCoreClock
 .data.uwTickPrio
                0x20000004        0x4 cmake/stm32cubemx/CMakeFiles/STM32_Drivers.dir/__/__/Drivers/STM32F4xx_HAL_Driver/Src/stm32f4xx_hal.c.obj
                0x20000004                uwTickPrio
 .data.uwTickFreq
                0x20000008        0x1 cmake/stm32cubemx/CMakeFiles/STM32_Drivers.dir/__/__/Drivers/STM32F4xx_HAL_Driver/Src/stm32f4xx_hal.c.obj
                0x20000008                uwTickFreq
 *(.RamFunc)
 *(.RamFunc*)
                0x2000000c                        . = ALIGN (0x4)
 *fill*         0x20000009        0x3 

.igot.plt       0x2000000c        0x0 load address 0x08001d58
 .igot.plt      0x2000000c        0x0 C:/Users/adria/AppData/Local/stm32cube/bundles/gnu-tools-for-stm32/14.3.1+st.2/bin/../lib/gcc/arm-none-eabi/14.3.1/thumb/v7e-m+fp/hard/crtbegin.o

.tdata          0x2000000c        0x0 load address 0x08001d58
 *(.tdata .tdata.* .gnu.linkonce.td.*)
                0x2000000c                        . = ALIGN (0x4)
                0x2000000c                        _edata = .
                [!provide]                        PROVIDE (__data_end = .)
                [!provide]                        PROVIDE (__tdata_end = .)
                [!provide]                        PROVIDE (__tdata_start = ADDR (.tdata))
                [!provide]                        PROVIDE (__tdata_size = (__tdata_end - __tdata_start))
                [!provide]                        PROVIDE (__data_start = ADDR (.data))
                [!provide]                        PROVIDE (__data_size = (__data_end - __data_start))
                [!provide]                        PROVIDE (__tdata_source = LOADADDR (.tdata))
                [!provide]                        PROVIDE (__tdata_source_end = (LOADADDR (.tdata) + SIZEOF (.tdata)))
                [!provide]                        PROVIDE (__tdata_source_size = (__tdata_source_end - __tdata_source))
                [!provide]                        PROVIDE (__data_source = LOADADDR (.data))
                [!provide]                        PROVIDE (__data_source_end = __tdata_source_end)
                [!provide]                        PROVIDE (__data_source_size = (__data_source_end - __data_source))

.tbss           0x2000000c        0x0 load address 0x08001d58
                0x2000000c                        _sbss = .
                0x2000000c                        __bss_start__ = _sbss
 *(.tbss .tbss.*)
                0x2000000c                        . = ALIGN (0x4)
                [!provide]                        PROVIDE (__tbss_end = .)
                [!provide]                        PROVIDE (__tbss_start = ADDR (.tbss))
                [!provide]                        PROVIDE (__tbss_size = (__tbss_end - __tbss_start))
                [!provide]                        PROVIDE (__tbss_offset = (ADDR (.tbss) - ADDR (.tdata)))
                [!provide]                        PROVIDE (__tls_base = __tdata_start)
                [!provide]                        PROVIDE (__tls_end = __tbss_end)
                [!provide]                        PROVIDE (__tls_size = (__tls_end - __tls_base))
                [!provide]                        PROVIDE (__tls_align = MAX (ALIGNOF (.tdata), ALIGNOF (.tbss)))
                [!provide]                        PROVIDE (__tls_size_align = (((__tls_size + __tls_align) - 0x1) & ~ ((__tls_align - 0x1))))
                [!provide]                        PROVIDE (__arm32_tls_tcb_offset = MAX (0x8, __tls_align))
                [!provide]                        PROVIDE (__arm64_tls_tcb_offset = MAX (0x10, __tls_align))

.bss            0x2000000c       0x78 load address 0x08001d58
 *(.bss)
 .bss           0x2000000c       0x1c C:/Users/adria/AppData/Local/stm32cube/bundles/gnu-tools-for-stm32/14.3.1+st.2/bin/../lib/gcc/arm-none-eabi/14.3.1/thumb/v7e-m+fp/hard/crtbegin.o
 *(.bss*)
 .bss.uwTick    0x20000028        0x4 cmake/stm32cubemx/CMakeFiles/STM32_Drivers.dir/__/__/Drivers/STM32F4xx_HAL_Driver/Src/stm32f4xx_hal.c.obj
                0x20000028                uwTick
 .bss.hspi1     0x2000002c       0x58 CMakeFiles/SPI_Test.dir/Core/Src/main.c.obj
                0x2000002c                hspi1
 *(COMMON)
                0x20000084                        . = ALIGN (0x4)
                0x20000084                        _ebss = .
                0x20000084                        __bss_end__ = _ebss
                [!provide]                        PROVIDE (__bss_end = .)
                [!provide]                        PROVIDE (__non_tls_bss_start = ADDR (.bss))
                [!provide]                        PROVIDE (__bss_start = __tbss_start)
                [!provide]                        PROVIDE (__bss_size = (__bss_end - __bss_start))

._user_heap_stack
                0x20000084      0x604 load address 0x08001d58
                0x20000088                        . = ALIGN (0x8)
 *fill*         0x20000084        0x4 
                [!provide]                        PROVIDE (end = .)
                0x20000088                        PROVIDE (_end = .)
                0x20000288                        . = (. + _Min_Heap_Size)
 *fill*         0x20000088      0x200 
                0x20000688                        . = (. + _Min_Stack_Size)
 *fill*         0x20000288      0x400 
                0x20000688                        . = ALIGN (0x8)

/DISCARD/
 libc.a:*(*)
 libm.a:*(*)
 libgcc.a:*(*)
OUTPUT(SPI_Test.elf elf32-littlearm)
LOAD linker stubs

.ARM.attributes
                0x00000000       0x30
 .ARM.attributes
                0x00000000       0x22 C:/Users/adria/AppData/Local/stm32cube/bundles/gnu-tools-for-stm32/14.3.1+st.2/bin/../lib/gcc/arm-none-eabi/14.3.1/thumb/v7e-m+fp/hard/crti.o
 .ARM.attributes
                0x00000022       0x34 C:/Users/adria/AppData/Local/stm32cube/bundles/gnu-tools-for-stm32/14.3.1+st.2/bin/../lib/gcc/arm-none-eabi/14.3.1/thumb/v7e-m+fp/hard/crtbegin.o
 .ARM.attributes
                0x00000056       0x34 cmake/stm32cubemx/CMakeFiles/STM32_Drivers.dir/__/__/Core/Src/system_stm32f4xx.c.obj
 .ARM.attributes
                0x0000008a       0x34 cmake/stm32cubemx/CMakeFiles/STM32_Drivers.dir/__/__/Drivers/STM32F4xx_HAL_Driver/Src/stm32f4xx_hal_spi.c.obj
 .ARM.attributes
                0x000000be       0x34 cmake/stm32cubemx/CMakeFiles/STM32_Drivers.dir/__/__/Drivers/STM32F4xx_HAL_Driver/Src/stm32f4xx_hal_rcc.c.obj
 .ARM.attributes
                0x000000f2       0x34 cmake/stm32cubemx/CMakeFiles/STM32_Drivers.dir/__/__/Drivers/STM32F4xx_HAL_Driver/Src/stm32f4xx_hal_gpio.c.obj
 .ARM.attributes
                0x00000126       0x34 cmake/stm32cubemx/CMakeFiles/STM32_Drivers.dir/__/__/Drivers/STM32F4xx_HAL_Driver/Src/stm32f4xx_hal_cortex.c.obj
 .ARM.attributes
                0x0000015a       0x34 cmake/stm32cubemx/CMakeFiles/STM32_Drivers.dir/__/__/Drivers/STM32F4xx_HAL_Driver/Src/stm32f4xx_hal.c.obj
 .ARM.attributes
                0x0000018e       0x34 CMakeFiles/SPI_Test.dir/Core/Src/main.c.obj
 .ARM.attributes
                0x000001c2       0x34 CMakeFiles/SPI_Test.dir/Core/Src/stm32f4xx_it.c.obj
 .ARM.attributes
                0x000001f6       0x34 CMakeFiles/SPI_Test.dir/Core/Src/stm32f4xx_hal_msp.c.obj
 .ARM.attributes
                0x0000022a       0x21 CMakeFiles/SPI_Test.dir/startup_stm32f401xc.s.obj
 .ARM.attributes
                0x0000024b       0x22 C:/Users/adria/AppData/Local/stm32cube/bundles/gnu-tools-for-stm32/14.3.1+st.2/bin/../lib/gcc/arm-none-eabi/14.3.1/thumb/v7e-m+fp/hard\libgcc.a(_aeabi_uldivmod.o)
 .ARM.attributes
                0x0000026d       0x34 C:/Users/adria/AppData/Local/stm32cube/bundles/gnu-tools-for-stm32/14.3.1+st.2/bin/../lib/gcc/arm-none-eabi/14.3.1/thumb/v7e-m+fp/hard\libgcc.a(_udivmoddi4.o)
 .ARM.attributes
                0x000002a1       0x22 C:/Users/adria/AppData/Local/stm32cube/bundles/gnu-tools-for-stm32/14.3.1+st.2/bin/../lib/gcc/arm-none-eabi/14.3.1/thumb/v7e-m+fp/hard\libgcc.a(_dvmd_tls.o)
 .ARM.attributes
                0x000002c3       0x34 C:/Users/adria/AppData/Local/stm32cube/bundles/gnu-tools-for-stm32/14.3.1+st.2/bin/../lib/gcc/arm-none-eabi/14.3.1/../../../../arm-none-eabi/lib/thumb/v7e-m+fp/hard\libg_nano.a(libc_a-memset.o)
 .ARM.attributes
                0x000002f7       0x34 C:/Users/adria/AppData/Local/stm32cube/bundles/gnu-tools-for-stm32/14.3.1+st.2/bin/../lib/gcc/arm-none-eabi/14.3.1/../../../../arm-none-eabi/lib/thumb/v7e-m+fp/hard\libg_nano.a(libc_a-init.o)
 .ARM.attributes
                0x0000032b       0x22 C:/Users/adria/AppData/Local/stm32cube/bundles/gnu-tools-for-stm32/14.3.1+st.2/bin/../lib/gcc/arm-none-eabi/14.3.1/thumb/v7e-m+fp/hard/crtn.o

.comment        0x00000000       0x43
 .comment       0x00000000       0x43 cmake/stm32cubemx/CMakeFiles/STM32_Drivers.dir/__/__/Core/Src/system_stm32f4xx.c.obj
                                 0x44 (size before relaxing)
 .comment       0x00000043       0x44 cmake/stm32cubemx/CMakeFiles/STM32_Drivers.dir/__/__/Drivers/STM32F4xx_HAL_Driver/Src/stm32f4xx_hal_spi.c.obj
 .comment       0x00000043       0x44 cmake/stm32cubemx/CMakeFiles/STM32_Drivers.dir/__/__/Drivers/STM32F4xx_HAL_Driver/Src/stm32f4xx_hal_rcc.c.obj
 .comment       0x00000043       0x44 cmake/stm32cubemx/CMakeFiles/STM32_Drivers.dir/__/__/Drivers/STM32F4xx_HAL_Driver/Src/stm32f4xx_hal_gpio.c.obj
 .comment       0x00000043       0x44 cmake/stm32cubemx/CMakeFiles/STM32_Drivers.dir/__/__/Drivers/STM32F4xx_HAL_Driver/Src/stm32f4xx_hal_cortex.c.obj
 .comment       0x00000043       0x44 cmake/stm32cubemx/CMakeFiles/STM32_Drivers.dir/__/__/Drivers/STM32F4xx_HAL_Driver/Src/stm32f4xx_hal.c.obj
 .comment       0x00000043       0x44 CMakeFiles/SPI_Test.dir/Core/Src/main.c.obj
 .comment       0x00000043       0x44 CMakeFiles/SPI_Test.dir/Core/Src/stm32f4xx_it.c.obj
 .comment       0x00000043       0x44 CMakeFiles/SPI_Test.dir/Core/Src/stm32f4xx_hal_msp.c.obj
 .comment       0x00000043       0x44 C:/Users/adria/AppData/Local/stm32cube/bundles/gnu-tools-for-stm32/14.3.1+st.2/bin/../lib/gcc/arm-none-eabi/14.3.1/../../../../arm-none-eabi/lib/thumb/v7e-m+fp/hard\libg_nano.a(libc_a-memset.o)
 .comment       0x00000043       0x44 C:/Users/adria/AppData/Local/stm32cube/bundles/gnu-tools-for-stm32/14.3.1+st.2/bin/../lib/gcc/arm-none-eabi/14.3.1/../../../../arm-none-eabi/lib/thumb/v7e-m+fp/hard\libg_nano.a(libc_a-init.o)

.debug_info     0x00000000     0x58ba
 .debug_info    0x00000000      0x53e cmake/stm32cubemx/CMakeFiles/STM32_Drivers.dir/__/__/Core/Src/system_stm32f4xx.c.obj
 .debug_info    0x0000053e     0x1530 cmake/stm32cubemx/CMakeFiles/STM32_Drivers.dir/__/__/Drivers/STM32F4xx_HAL_Driver/Src/stm32f4xx_hal_spi.c.obj
 .debug_info    0x00001a6e      0x905 cmake/stm32cubemx/CMakeFiles/STM32_Drivers.dir/__/__/Drivers/STM32F4xx_HAL_Driver/Src/stm32f4xx_hal_rcc.c.obj
 .debug_info    0x00002373      0x6f9 cmake/stm32cubemx/CMakeFiles/STM32_Drivers.dir/__/__/Drivers/STM32F4xx_HAL_Driver/Src/stm32f4xx_hal_gpio.c.obj
 .debug_info    0x00002a6c      0xcf6 cmake/stm32cubemx/CMakeFiles/STM32_Drivers.dir/__/__/Drivers/STM32F4xx_HAL_Driver/Src/stm32f4xx_hal_cortex.c.obj
 .debug_info    0x00003762      0x8bb cmake/stm32cubemx/CMakeFiles/STM32_Drivers.dir/__/__/Drivers/STM32F4xx_HAL_Driver/Src/stm32f4xx_hal.c.obj
 .debug_info    0x0000401d      0xc24 CMakeFiles/SPI_Test.dir/Core/Src/main.c.obj
 .debug_info    0x00004c41      0x112 CMakeFiles/SPI_Test.dir/Core/Src/stm32f4xx_it.c.obj
 .debug_info    0x00004d53      0x94c CMakeFiles/SPI_Test.dir/Core/Src/stm32f4xx_hal_msp.c.obj
 .debug_info    0x0000569f       0x30 CMakeFiles/SPI_Test.dir/startup_stm32f401xc.s.obj
 .debug_info    0x000056cf       0xe0 C:/Users/adria/AppData/Local/stm32cube/bundles/gnu-tools-for-stm32/14.3.1+st.2/bin/../lib/gcc/arm-none-eabi/14.3.1/../../../../arm-none-eabi/lib/thumb/v7e-m+fp/hard\libg_nano.a(libc_a-memset.o)
 .debug_info    0x000057af      0x10b C:/Users/adria/AppData/Local/stm32cube/bundles/gnu-tools-for-stm32/14.3.1+st.2/bin/../lib/gcc/arm-none-eabi/14.3.1/../../../../arm-none-eabi/lib/thumb/v7e-m+fp/hard\libg_nano.a(libc_a-init.o)

.debug_abbrev   0x00000000     0x1372
 .debug_abbrev  0x00000000      0x11a cmake/stm32cubemx/CMakeFiles/STM32_Drivers.dir/__/__/Core/Src/system_stm32f4xx.c.obj
 .debug_abbrev  0x0000011a      0x276 cmake/stm32cubemx/CMakeFiles/STM32_Drivers.dir/__/__/Drivers/STM32F4xx_HAL_Driver/Src/stm32f4xx_hal_spi.c.obj
 .debug_abbrev  0x00000390      0x2b6 cmake/stm32cubemx/CMakeFiles/STM32_Drivers.dir/__/__/Drivers/STM32F4xx_HAL_Driver/Src/stm32f4xx_hal_rcc.c.obj
 .debug_abbrev  0x00000646      0x1d3 cmake/stm32cubemx/CMakeFiles/STM32_Drivers.dir/__/__/Drivers/STM32F4xx_HAL_Driver/Src/stm32f4xx_hal_gpio.c.obj
 .debug_abbrev  0x00000819      0x31d cmake/stm32cubemx/CMakeFiles/STM32_Drivers.dir/__/__/Drivers/STM32F4xx_HAL_Driver/Src/stm32f4xx_hal_cortex.c.obj
 .debug_abbrev  0x00000b36      0x24b cmake/stm32cubemx/CMakeFiles/STM32_Drivers.dir/__/__/Drivers/STM32F4xx_HAL_Driver/Src/stm32f4xx_hal.c.obj
 .debug_abbrev  0x00000d81      0x247 CMakeFiles/SPI_Test.dir/Core/Src/main.c.obj
 .debug_abbrev  0x00000fc8       0x73 CMakeFiles/SPI_Test.dir/Core/Src/stm32f4xx_it.c.obj
 .debug_abbrev  0x0000103b      0x1ac CMakeFiles/SPI_Test.dir/Core/Src/stm32f4xx_hal_msp.c.obj
 .debug_abbrev  0x000011e7       0x24 CMakeFiles/SPI_Test.dir/startup_stm32f401xc.s.obj
 .debug_abbrev  0x0000120b       0x9e C:/Users/adria/AppData/Local/stm32cube/bundles/gnu-tools-for-stm32/14.3.1+st.2/bin/../lib/gcc/arm-none-eabi/14.3.1/../../../../arm-none-eabi/lib/thumb/v7e-m+fp/hard\libg_nano.a(libc_a-memset.o)
 .debug_abbrev  0x000012a9       0xc9 C:/Users/adria/AppData/Local/stm32cube/bundles/gnu-tools-for-stm32/14.3.1+st.2/bin/../lib/gcc/arm-none-eabi/14.3.1/../../../../arm-none-eabi/lib/thumb/v7e-m+fp/hard\libg_nano.a(libc_a-init.o)

.debug_aranges  0x00000000      0x630
 .debug_aranges
                0x00000000       0x28 cmake/stm32cubemx/CMakeFiles/STM32_Drivers.dir/__/__/Core/Src/system_stm32f4xx.c.obj
 .debug_aranges
                0x00000028      0x1d0 cmake/stm32cubemx/CMakeFiles/STM32_Drivers.dir/__/__/Drivers/STM32F4xx_HAL_Driver/Src/stm32f4xx_hal_spi.c.obj
 .debug_aranges
                0x000001f8       0x88 cmake/stm32cubemx/CMakeFiles/STM32_Drivers.dir/__/__/Drivers/STM32F4xx_HAL_Driver/Src/stm32f4xx_hal_rcc.c.obj
 .debug_aranges
                0x00000280       0x58 cmake/stm32cubemx/CMakeFiles/STM32_Drivers.dir/__/__/Drivers/STM32F4xx_HAL_Driver/Src/stm32f4xx_hal_gpio.c.obj
 .debug_aranges
                0x000002d8      0x130 cmake/stm32cubemx/CMakeFiles/STM32_Drivers.dir/__/__/Drivers/STM32F4xx_HAL_Driver/Src/stm32f4xx_hal_cortex.c.obj
 .debug_aranges
                0x00000408       0xf0 cmake/stm32cubemx/CMakeFiles/STM32_Drivers.dir/__/__/Drivers/STM32F4xx_HAL_Driver/Src/stm32f4xx_hal.c.obj
 .debug_aranges
                0x000004f8       0x40 CMakeFiles/SPI_Test.dir/Core/Src/main.c.obj
 .debug_aranges
                0x00000538       0x60 CMakeFiles/SPI_Test.dir/Core/Src/stm32f4xx_it.c.obj
 .debug_aranges
                0x00000598       0x30 CMakeFiles/SPI_Test.dir/Core/Src/stm32f4xx_hal_msp.c.obj
 .debug_aranges
                0x000005c8       0x28 CMakeFiles/SPI_Test.dir/startup_stm32f401xc.s.obj
 .debug_aranges
                0x000005f0       0x20 C:/Users/adria/AppData/Local/stm32cube/bundles/gnu-tools-for-stm32/14.3.1+st.2/bin/../lib/gcc/arm-none-eabi/14.3.1/../../../../arm-none-eabi/lib/thumb/v7e-m+fp/hard\libg_nano.a(libc_a-memset.o)
 .debug_aranges
                0x00000610       0x20 C:/Users/adria/AppData/Local/stm32cube/bundles/gnu-tools-for-stm32/14.3.1+st.2/bin/../lib/gcc/arm-none-eabi/14.3.1/../../../../arm-none-eabi/lib/thumb/v7e-m+fp/hard\libg_nano.a(libc_a-init.o)

.debug_rnglists
                0x00000000      0x48c
 .debug_rnglists
                0x00000000       0x1a cmake/stm32cubemx/CMakeFiles/STM32_Drivers.dir/__/__/Core/Src/system_stm32f4xx.c.obj
 .debug_rnglists
                0x0000001a      0x16f cmake/stm32cubemx/CMakeFiles/STM32_Drivers.dir/__/__/Drivers/STM32F4xx_HAL_Driver/Src/stm32f4xx_hal_spi.c.obj
 .debug_rnglists
                0x00000189       0x66 cmake/stm32cubemx/CMakeFiles/STM32_Drivers.dir/__/__/Drivers/STM32F4xx_HAL_Driver/Src/stm32f4xx_hal_rcc.c.obj
 .debug_rnglists
                0x000001ef       0x3f cmake/stm32cubemx/CMakeFiles/STM32_Drivers.dir/__/__/Drivers/STM32F4xx_HAL_Driver/Src/stm32f4xx_hal_gpio.c.obj
 .debug_rnglists
                0x0000022e       0xe0 cmake/stm32cubemx/CMakeFiles/STM32_Drivers.dir/__/__/Drivers/STM32F4xx_HAL_Driver/Src/stm32f4xx_hal_cortex.c.obj
 .debug_rnglists
                0x0000030e       0xaf cmake/stm32cubemx/CMakeFiles/STM32_Drivers.dir/__/__/Drivers/STM32F4xx_HAL_Driver/Src/stm32f4xx_hal.c.obj
 .debug_rnglists
                0x000003bd       0x2d CMakeFiles/SPI_Test.dir/Core/Src/main.c.obj
 .debug_rnglists
                0x000003ea       0x43 CMakeFiles/SPI_Test.dir/Core/Src/stm32f4xx_it.c.obj
 .debug_rnglists
                0x0000042d       0x20 CMakeFiles/SPI_Test.dir/Core/Src/stm32f4xx_hal_msp.c.obj
 .debug_rnglists
                0x0000044d       0x19 CMakeFiles/SPI_Test.dir/startup_stm32f401xc.s.obj
 .debug_rnglists
                0x00000466       0x13 C:/Users/adria/AppData/Local/stm32cube/bundles/gnu-tools-for-stm32/14.3.1+st.2/bin/../lib/gcc/arm-none-eabi/14.3.1/../../../../arm-none-eabi/lib/thumb/v7e-m+fp/hard\libg_nano.a(libc_a-memset.o)
 .debug_rnglists
                0x00000479       0x13 C:/Users/adria/AppData/Local/stm32cube/bundles/gnu-tools-for-stm32/14.3.1+st.2/bin/../lib/gcc/arm-none-eabi/14.3.1/../../../../arm-none-eabi/lib/thumb/v7e-m+fp/hard\libg_nano.a(libc_a-init.o)

.debug_macro    0x00000000    0x146c6
 .debug_macro   0x00000000      0x1ba cmake/stm32cubemx/CMakeFiles/STM32_Drivers.dir/__/__/Core/Src/system_stm32f4xx.c.obj
 .debug_macro   0x000001ba      0xad8 cmake/stm32cubemx/CMakeFiles/STM32_Drivers.dir/__/__/Core/Src/system_stm32f4xx.c.obj
 .debug_macro   0x00000c92       0x2e cmake/stm32cubemx/CMakeFiles/STM32_Drivers.dir/__/__/Core/Src/system_stm32f4xx.c.obj
 .debug_macro   0x00000cc0       0x28 cmake/stm32cubemx/CMakeFiles/STM32_Drivers.dir/__/__/Core/Src/system_stm32f4xx.c.obj
 .debug_macro   0x00000ce8       0x22 cmake/stm32cubemx/CMakeFiles/STM32_Drivers.dir/__/__/Core/Src/system_stm32f4xx.c.obj
 .debug_macro   0x00000d0a       0x8e cmake/stm32cubemx/CMakeFiles/STM32_Drivers.dir/__/__/Core/Src/system_stm32f4xx.c.obj
 .debug_macro   0x00000d98       0x51 cmake/stm32cubemx/CMakeFiles/STM32_Drivers.dir/__/__/Core/Src/system_stm32f4xx.c.obj
 .debug_macro   0x00000de9      0x103 cmake/stm32cubemx/CMakeFiles/STM32_Drivers.dir/__/__/Core/Src/system_stm32f4xx.c.obj
 .debug_macro   0x00000eec       0x6a cmake/stm32cubemx/CMakeFiles/STM32_Drivers.dir/__/__/Core/Src/system_stm32f4xx.c.obj
 .debug_macro   0x00000f56      0x1df cmake/stm32cubemx/CMakeFiles/STM32_Drivers.dir/__/__/Core/Src/system_stm32f4xx.c.obj
 .debug_macro   0x00001135       0x1c cmake/stm32cubemx/CMakeFiles/STM32_Drivers.dir/__/__/Core/Src/system_stm32f4xx.c.obj
 .debug_macro   0x00001151       0x22 cmake/stm32cubemx/CMakeFiles/STM32_Drivers.dir/__/__/Core/Src/system_stm32f4xx.c.obj
 .debug_macro   0x00001173       0xfb cmake/stm32cubemx/CMakeFiles/STM32_Drivers.dir/__/__/Core/Src/system_stm32f4xx.c.obj
 .debug_macro   0x0000126e     0x1011 cmake/stm32cubemx/CMakeFiles/STM32_Drivers.dir/__/__/Core/Src/system_stm32f4xx.c.obj
 .debug_macro   0x0000227f      0x11f cmake/stm32cubemx/CMakeFiles/STM32_Drivers.dir/__/__/Core/Src/system_stm32f4xx.c.obj
 .debug_macro   0x0000239e     0xb881 cmake/stm32cubemx/CMakeFiles/STM32_Drivers.dir/__/__/Core/Src/system_stm32f4xx.c.obj
 .debug_macro   0x0000dc1f       0x6d cmake/stm32cubemx/CMakeFiles/STM32_Drivers.dir/__/__/Core/Src/system_stm32f4xx.c.obj
 .debug_macro   0x0000dc8c      0x295 cmake/stm32cubemx/CMakeFiles/STM32_Drivers.dir/__/__/Core/Src/system_stm32f4xx.c.obj
 .debug_macro   0x0000df21     0x3693 cmake/stm32cubemx/CMakeFiles/STM32_Drivers.dir/__/__/Core/Src/system_stm32f4xx.c.obj
 .debug_macro   0x000115b4      0x190 cmake/stm32cubemx/CMakeFiles/STM32_Drivers.dir/__/__/Core/Src/system_stm32f4xx.c.obj
 .debug_macro   0x00011744       0x5c cmake/stm32cubemx/CMakeFiles/STM32_Drivers.dir/__/__/Core/Src/system_stm32f4xx.c.obj
 .debug_macro   0x000117a0      0x416 cmake/stm32cubemx/CMakeFiles/STM32_Drivers.dir/__/__/Core/Src/system_stm32f4xx.c.obj
 .debug_macro   0x00011bb6      0x9e9 cmake/stm32cubemx/CMakeFiles/STM32_Drivers.dir/__/__/Core/Src/system_stm32f4xx.c.obj
 .debug_macro   0x0001259f      0x115 cmake/stm32cubemx/CMakeFiles/STM32_Drivers.dir/__/__/Core/Src/system_stm32f4xx.c.obj
 .debug_macro   0x000126b4       0xf8 cmake/stm32cubemx/CMakeFiles/STM32_Drivers.dir/__/__/Core/Src/system_stm32f4xx.c.obj
 .debug_macro   0x000127ac       0xa5 cmake/stm32cubemx/CMakeFiles/STM32_Drivers.dir/__/__/Core/Src/system_stm32f4xx.c.obj
 .debug_macro   0x00012851      0x15f cmake/stm32cubemx/CMakeFiles/STM32_Drivers.dir/__/__/Core/Src/system_stm32f4xx.c.obj
 .debug_macro   0x000129b0      0x287 cmake/stm32cubemx/CMakeFiles/STM32_Drivers.dir/__/__/Core/Src/system_stm32f4xx.c.obj
 .debug_macro   0x00012c37       0x5f cmake/stm32cubemx/CMakeFiles/STM32_Drivers.dir/__/__/Core/Src/system_stm32f4xx.c.obj
 .debug_macro   0x00012c96      0x236 cmake/stm32cubemx/CMakeFiles/STM32_Drivers.dir/__/__/Core/Src/system_stm32f4xx.c.obj
 .debug_macro   0x00012ecc      0x132 cmake/stm32cubemx/CMakeFiles/STM32_Drivers.dir/__/__/Core/Src/system_stm32f4xx.c.obj
 .debug_macro   0x00012ffe      0x23a cmake/stm32cubemx/CMakeFiles/STM32_Drivers.dir/__/__/Core/Src/system_stm32f4xx.c.obj
 .debug_macro   0x00013238       0x2e cmake/stm32cubemx/CMakeFiles/STM32_Drivers.dir/__/__/Core/Src/system_stm32f4xx.c.obj
 .debug_macro   0x00013266      0x127 cmake/stm32cubemx/CMakeFiles/STM32_Drivers.dir/__/__/Core/Src/system_stm32f4xx.c.obj
 .debug_macro   0x0001338d       0x85 cmake/stm32cubemx/CMakeFiles/STM32_Drivers.dir/__/__/Core/Src/system_stm32f4xx.c.obj
 .debug_macro   0x00013412       0x89 cmake/stm32cubemx/CMakeFiles/STM32_Drivers.dir/__/__/Core/Src/system_stm32f4xx.c.obj
 .debug_macro   0x0001349b      0x225 cmake/stm32cubemx/CMakeFiles/STM32_Drivers.dir/__/__/Core/Src/system_stm32f4xx.c.obj
 .debug_macro   0x000136c0      0x126 cmake/stm32cubemx/CMakeFiles/STM32_Drivers.dir/__/__/Core/Src/system_stm32f4xx.c.obj
 .debug_macro   0x000137e6      0x1c9 cmake/stm32cubemx/CMakeFiles/STM32_Drivers.dir/__/__/Drivers/STM32F4xx_HAL_Driver/Src/stm32f4xx_hal_spi.c.obj
 .debug_macro   0x000139af      0x1de cmake/stm32cubemx/CMakeFiles/STM32_Drivers.dir/__/__/Drivers/STM32F4xx_HAL_Driver/Src/stm32f4xx_hal_rcc.c.obj
 .debug_macro   0x00013b8d      0x1c0 cmake/stm32cubemx/CMakeFiles/STM32_Drivers.dir/__/__/Drivers/STM32F4xx_HAL_Driver/Src/stm32f4xx_hal_gpio.c.obj
 .debug_macro   0x00013d4d      0x1ba cmake/stm32cubemx/CMakeFiles/STM32_Drivers.dir/__/__/Drivers/STM32F4xx_HAL_Driver/Src/stm32f4xx_hal_cortex.c.obj
 .debug_macro   0x00013f07      0x21a cmake/stm32cubemx/CMakeFiles/STM32_Drivers.dir/__/__/Drivers/STM32F4xx_HAL_Driver/Src/stm32f4xx_hal.c.obj
 .debug_macro   0x00014121      0x1c9 CMakeFiles/SPI_Test.dir/Core/Src/main.c.obj
 .debug_macro   0x000142ea       0x40 CMakeFiles/SPI_Test.dir/Core/Src/main.c.obj
 .debug_macro   0x0001432a      0x1d3 CMakeFiles/SPI_Test.dir/Core/Src/stm32f4xx_it.c.obj
 .debug_macro   0x000144fd      0x1c9 CMakeFiles/SPI_Test.dir/Core/Src/stm32f4xx_hal_msp.c.obj

.debug_line     0x00000000     0x746c
 .debug_line    0x00000000      0x82a cmake/stm32cubemx/CMakeFiles/STM32_Drivers.dir/__/__/Core/Src/system_stm32f4xx.c.obj
 .debug_line    0x0000082a     0x1d41 cmake/stm32cubemx/CMakeFiles/STM32_Drivers.dir/__/__/Drivers/STM32F4xx_HAL_Driver/Src/stm32f4xx_hal_spi.c.obj
 .debug_line    0x0000256b      0xeb3 cmake/stm32cubemx/CMakeFiles/STM32_Drivers.dir/__/__/Drivers/STM32F4xx_HAL_Driver/Src/stm32f4xx_hal_rcc.c.obj
 .debug_line    0x0000341e      0xbbf cmake/stm32cubemx/CMakeFiles/STM32_Drivers.dir/__/__/Drivers/STM32F4xx_HAL_Driver/Src/stm32f4xx_hal_gpio.c.obj
 .debug_line    0x00003fdd      0xd76 cmake/stm32cubemx/CMakeFiles/STM32_Drivers.dir/__/__/Drivers/STM32F4xx_HAL_Driver/Src/stm32f4xx_hal_cortex.c.obj
 .debug_line    0x00004d53      0xaa9 cmake/stm32cubemx/CMakeFiles/STM32_Drivers.dir/__/__/Drivers/STM32F4xx_HAL_Driver/Src/stm32f4xx_hal.c.obj
 .debug_line    0x000057fc      0x8ac CMakeFiles/SPI_Test.dir/Core/Src/main.c.obj
 .debug_line    0x000060a8      0x863 CMakeFiles/SPI_Test.dir/Core/Src/stm32f4xx_it.c.obj
 .debug_line    0x0000690b      0x801 CMakeFiles/SPI_Test.dir/Core/Src/stm32f4xx_hal_msp.c.obj
 .debug_line    0x0000710c       0x7a CMakeFiles/SPI_Test.dir/startup_stm32f401xc.s.obj
 .debug_line    0x00007186      0x17e C:/Users/adria/AppData/Local/stm32cube/bundles/gnu-tools-for-stm32/14.3.1+st.2/bin/../lib/gcc/arm-none-eabi/14.3.1/../../../../arm-none-eabi/lib/thumb/v7e-m+fp/hard\libg_nano.a(libc_a-memset.o)
 .debug_line    0x00007304      0x168 C:/Users/adria/AppData/Local/stm32cube/bundles/gnu-tools-for-stm32/14.3.1+st.2/bin/../lib/gcc/arm-none-eabi/14.3.1/../../../../arm-none-eabi/lib/thumb/v7e-m+fp/hard\libg_nano.a(libc_a-init.o)

.debug_str      0x00000000    0x80d6d
 .debug_str     0x00000000    0x80d6d cmake/stm32cubemx/CMakeFiles/STM32_Drivers.dir/__/__/Core/Src/system_stm32f4xx.c.obj
                              0x7ec4a (size before relaxing)
 .debug_str     0x00080d6d    0x7f4f6 cmake/stm32cubemx/CMakeFiles/STM32_Drivers.dir/__/__/Drivers/STM32F4xx_HAL_Driver/Src/stm32f4xx_hal_spi.c.obj
 .debug_str     0x00080d6d    0x7f07e cmake/stm32cubemx/CMakeFiles/STM32_Drivers.dir/__/__/Drivers/STM32F4xx_HAL_Driver/Src/stm32f4xx_hal_rcc.c.obj
 .debug_str     0x00080d6d    0x7edc5 cmake/stm32cubemx/CMakeFiles/STM32_Drivers.dir/__/__/Drivers/STM32F4xx_HAL_Driver/Src/stm32f4xx_hal_gpio.c.obj
 .debug_str     0x00080d6d    0x7f3d6 cmake/stm32cubemx/CMakeFiles/STM32_Drivers.dir/__/__/Drivers/STM32F4xx_HAL_Driver/Src/stm32f4xx_hal_cortex.c.obj
 .debug_str     0x00080d6d    0x7f66c cmake/stm32cubemx/CMakeFiles/STM32_Drivers.dir/__/__/Drivers/STM32F4xx_HAL_Driver/Src/stm32f4xx_hal.c.obj
 .debug_str     0x00080d6d    0x7f3e8 CMakeFiles/SPI_Test.dir/Core/Src/main.c.obj
 .debug_str     0x00080d6d    0x7ec73 CMakeFiles/SPI_Test.dir/Core/Src/stm32f4xx_it.c.obj
 .debug_str     0x00080d6d    0x7f1fa CMakeFiles/SPI_Test.dir/Core/Src/stm32f4xx_hal_msp.c.obj
 .debug_str     0x00080d6d       0xac CMakeFiles/SPI_Test.dir/startup_stm32f401xc.s.obj
 .debug_str     0x00080d6d      0x211 C:/Users/adria/AppData/Local/stm32cube/bundles/gnu-tools-for-stm32/14.3.1+st.2/bin/../lib/gcc/arm-none-eabi/14.3.1/../../../../arm-none-eabi/lib/thumb/v7e-m+fp/hard\libg_nano.a(libc_a-memset.o)
 .debug_str     0x00080d6d      0x272 C:/Users/adria/AppData/Local/stm32cube/bundles/gnu-tools-for-stm32/14.3.1+st.2/bin/../lib/gcc/arm-none-eabi/14.3.1/../../../../arm-none-eabi/lib/thumb/v7e-m+fp/hard\libg_nano.a(libc_a-init.o)

.debug_frame    0x00000000     0x15d8
 .debug_frame   0x00000000       0x50 cmake/stm32cubemx/CMakeFiles/STM32_Drivers.dir/__/__/Core/Src/system_stm32f4xx.c.obj
 .debug_frame   0x00000050      0x7e0 cmake/stm32cubemx/CMakeFiles/STM32_Drivers.dir/__/__/Drivers/STM32F4xx_HAL_Driver/Src/stm32f4xx_hal_spi.c.obj
 .debug_frame   0x00000830      0x1d8 cmake/stm32cubemx/CMakeFiles/STM32_Drivers.dir/__/__/Drivers/STM32F4xx_HAL_Driver/Src/stm32f4xx_hal_rcc.c.obj
 .debug_frame   0x00000a08      0x130 cmake/stm32cubemx/CMakeFiles/STM32_Drivers.dir/__/__/Drivers/STM32F4xx_HAL_Driver/Src/stm32f4xx_hal_gpio.c.obj
 .debug_frame   0x00000b38      0x4b8 cmake/stm32cubemx/CMakeFiles/STM32_Drivers.dir/__/__/Drivers/STM32F4xx_HAL_Driver/Src/stm32f4xx_hal_cortex.c.obj
 .debug_frame   0x00000ff0      0x31c cmake/stm32cubemx/CMakeFiles/STM32_Drivers.dir/__/__/Drivers/STM32F4xx_HAL_Driver/Src/stm32f4xx_hal.c.obj
 .debug_frame   0x0000130c       0xac CMakeFiles/SPI_Test.dir/Core/Src/main.c.obj
 .debug_frame   0x000013b8       0xf8 CMakeFiles/SPI_Test.dir/Core/Src/stm32f4xx_it.c.obj
 .debug_frame   0x000014b0       0x7c CMakeFiles/SPI_Test.dir/Core/Src/stm32f4xx_hal_msp.c.obj
 .debug_frame   0x0000152c       0x2c C:/Users/adria/AppData/Local/stm32cube/bundles/gnu-tools-for-stm32/14.3.1+st.2/bin/../lib/gcc/arm-none-eabi/14.3.1/thumb/v7e-m+fp/hard\libgcc.a(_aeabi_uldivmod.o)
 .debug_frame   0x00001558       0x34 C:/Users/adria/AppData/Local/stm32cube/bundles/gnu-tools-for-stm32/14.3.1+st.2/bin/../lib/gcc/arm-none-eabi/14.3.1/thumb/v7e-m+fp/hard\libgcc.a(_udivmoddi4.o)
 .debug_frame   0x0000158c       0x20 C:/Users/adria/AppData/Local/stm32cube/bundles/gnu-tools-for-stm32/14.3.1+st.2/bin/../lib/gcc/arm-none-eabi/14.3.1/../../../../arm-none-eabi/lib/thumb/v7e-m+fp/hard\libg_nano.a(libc_a-memset.o)
 .debug_frame   0x000015ac       0x2c C:/Users/adria/AppData/Local/stm32cube/bundles/gnu-tools-for-stm32/14.3.1+st.2/bin/../lib/gcc/arm-none-eabi/14.3.1/../../../../arm-none-eabi/lib/thumb/v7e-m+fp/hard\libg_nano.a(libc_a-init.o)

.debug_line_str
                0x00000000       0x90
 .debug_line_str
                0x00000000       0x90 CMakeFiles/SPI_Test.dir/startup_stm32f401xc.s.obj

.debug_loclists
                0x00000000       0xa1
 .debug_loclists
                0x00000000       0x4d C:/Users/adria/AppData/Local/stm32cube/bundles/gnu-tools-for-stm32/14.3.1+st.2/bin/../lib/gcc/arm-none-eabi/14.3.1/../../../../arm-none-eabi/lib/thumb/v7e-m+fp/hard\libg_nano.a(libc_a-memset.o)
 .debug_loclists
                0x0000004d       0x54 C:/Users/adria/AppData/Local/stm32cube/bundles/gnu-tools-for-stm32/14.3.1+st.2/bin/../lib/gcc/arm-none-eabi/14.3.1/../../../../arm-none-eabi/lib/thumb/v7e-m+fp/hard\libg_nano.a(libc_a-init.o)
