C:/Users/adria/Projects/ESC_V1_Firmware_Tests/SPI_Test/Core/Src/main.c:67:5:main	16	static
C:/Users/adria/Projects/ESC_V1_Firmware_Tests/SPI_Test/Core/Src/main.c:114:6:SystemClock_Config	88	static
C:/Users/adria/Projects/ESC_V1_Firmware_Tests/SPI_Test/Core/Src/main.c:156:13:MX_SPI1_Init	8	static
C:/Users/adria/Projects/ESC_V1_Firmware_Tests/SPI_Test/Core/Src/main.c:194:13:MX_GPIO_Init	40	static
C:/Users/adria/Projects/ESC_V1_Firmware_Tests/SPI_Test/Core/Src/main.c:238:6:Error_Handler	4	static,ignoring_inline_asm
